
> finvault@1.0.0 test
> jest --forceExit --detectOpenHandles

node.exe : Error: Jest: 
Failed to parse the 
TypeScript config file C:\
Users\sivar\OneDrive\Deskt
op\finvault\jest.config.ts
At line:1 char:1
+ & "C:\Program 
Files\nodejs/node.exe" 
"C:\Program 
Files\nodejs/node_mo ...
+ ~~~~~~~~~~~~~~~~~~~~~~~~
~~~~~~~~~~~~~~~~~~~~~~~~~~
~~~~~~~~~~~~~~~~~~~
    + CategoryInfo        
      : NotSpecified: (E  
  rror: Jest: Fa...\jes   
 t.config.ts:String) [    
], RemoteException
    + FullyQualifiedError 
   Id : NativeCommandErr  
  or
 
  Error: Jest: 'ts-node' 
is required for the 
TypeScript configuration 
files. Make sure it is 
installed
Error: Cannot find 
package 'ts-node' 
imported from C:\Users\siv
ar\OneDrive\Desktop\finvau
lt\node_modules\jest-confi
g\build\readConfigFileAndS
etRootDir.js
    at readConfigFileAndSe
tRootDir (C:\Users\sivar\O
neDrive\Desktop\finvault\n
ode_modules\jest-config\bu
ild\readConfigFileAndSetRo
otDir.js:116:13)
    at async 
readInitialOptions (C:\Use
rs\sivar\OneDrive\Desktop\
finvault\node_modules\jest
-config\build\index.js:403
:13)
    at async readConfig (C
:\Users\sivar\OneDrive\Des
ktop\finvault\node_modules
\jest-config\build\index.j
s:147:48)
    at async readConfigs (
C:\Users\sivar\OneDrive\De
sktop\finvault\node_module
s\jest-config\build\index.
js:424:26)
    at async runCLI (C:\Us
ers\sivar\OneDrive\Desktop
\finvault\node_modules\@je
st\core\build\cli\index.js
:151:59)
    at async Object.run (C
:\Users\sivar\OneDrive\Des
ktop\finvault\node_modules
\jest-cli\build\run.js:130
:37)
